<?php

function a()
{
	$a = 0;
	// 1 comment
	/* 2 comments */
	$a = 1; // extra
	/* last but not least*/
}
