<?php

switch ($digit) {
case '0':
	$i   =0;
	break;
case '1':
	$i=1;
	break;
default:
	$i--;
}